MO controller_interface NULL ../controller.v vlg38/controller__interface.bin 1414422847
MO controller_clock_divider NULL ../controller.v vlg5D/controller__clock__divider.bin 1414422847
MO controller_interface_test_synth NULL controller_interface_test_synth.v vlg00/controller__interface__test__synth.bin 1414422847
